U-Boot SPL 2013.04-dirty (Jun 19 2013 - 09:57:14)
musb-hdrc: ConfigData=0xde (UTMI-8, dyn FIFOs, HB-ISO Rx, HB-ISO Tx, SoftConn)
musb-hdrc: MHDRC RTL version 2.0 
musb-hdrc: setup fifo_mode 4
musb-hdrc: 28/31 max ep, 16384/16384 memory
USB Peripheral mode controller at 47401000 using PIO, IRQ 0
musb-hdrc: ConfigData=0xde (UTMI-8, dyn FIFOs, HB-ISO Rx, HB-ISO Tx, SoftConn)
musb-hdrc: MHDRC RTL version 2.0 
musb-hdrc: setup fifo_mode 4
musb-hdrc: 28/31 max ep, 16384/16384 memory
USB Host mode controller at 47401800 using PIO, IRQ 0
OMAP SD/MMC: 0
reading u-boot.img
reading u-boot.img


U-Boot 2013.04-dirty (Jun 19 2013 - 09:57:14)

I2C:   ready
DRAM:  512 MiB
WARNING: Caches not enabled
NAND:  No NAND device found!!!
0 MiB
MMC:   OMAP SD/MMC: 0, OMAP SD/MMC: 1
*** Warning - readenv() failed, using default environment

musb-hdrc: ConfigData=0xde (UTMI-8, dyn FIFOs, HB-ISO Rx, HB-ISO Tx, SoftConn)
musb-hdrc: MHDRC RTL version 2.0 
musb-hdrc: setup fifo_mode 4
musb-hdrc: 28/31 max ep, 16384/16384 memory
USB Peripheral mode controller at 47401000 using PIO, IRQ 0
musb-hdrc: ConfigData=0xde (UTMI-8, dyn FIFOs, HB-ISO Rx, HB-ISO Tx, SoftConn)
musb-hdrc: MHDRC RTL version 2.0 
musb-hdrc: setup fifo_mode 4
musb-hdrc: 28/31 max ep, 16384/16384 memory
USB Host mode controller at 47401800 using PIO, IRQ 0
Net:   <ethaddr> not set. Validating first E-fuse MAC
cpsw, usb_ether
Hit any key to stop autoboot:  0 
gpio: pin 53 (gpio 53) value is 1
mmc0 is current device
micro SD card found
mmc0 is current device
gpio: pin 54 (gpio 54) value is 1
SD/MMC found on device 0
reading uEnv.txt
370 bytes read in 3 ms (120.1 KiB/s)
Loaded environment from uEnv.txt
Importing environment from mmc ...
Running uenvcmd ...
8645240 bytes read in 1004 ms (8.2 MiB/s)
56827 bytes read in 20 ms (2.7 MiB/s)
## Booting kernel from Legacy Image at 82000000 ...
   Image Name:   Linux-4.4.62
   Image Type:   ARM Linux Kernel Image (uncompressed)
   Data Size:    8645176 Bytes = 8.2 MiB
   Load Address: 80008000
   Entry Point:  80008000
   Verifying Checksum ... OK
## Flattened Device Tree blob at 88000000
   Booting using the fdt blob at 0x88000000
   Loading Kernel Image ... OK
OK
   Using Device Tree in place at 88000000, end 88010dfa

Starting kernel ...

[    0.000000] Booting Linux on physical CPU 0x0
[    0.000000] Initializing cgroup subsys cpuset
[    0.000000] Initializing cgroup subsys cpu
[    0.000000] Initializing cgroup subsys cpuacct
[    0.000000] Linux version 4.4.62 (kiran@kiran-fastbitlab) (gcc version 6.3.1 20170109 (Linaro GCC 6.3-2017.02) ) #1 SMP Tue May 2 09:56:46 7
[    0.000000] CPU: ARMv7 Processor [413fc082] revision 2 (ARMv7), cr=10c5387d
[    0.000000] CPU: PIPT / VIPT nonaliasing data cache, VIPT aliasing instruction cache
[    0.000000] Machine model: TI AM335x BeagleBone Black
[    0.000000] cma: Reserved 48 MiB at 0x9c800000
[    0.000000] Memory policy: Data cache writeback
[    0.000000] CPU: All CPU(s) started in SVC mode.
[    0.000000] AM335X ES2.1 (sgx neon )
[    0.000000] PERCPU: Embedded 13 pages/cpu @df920000 s24268 r8192 d20788 u53248
[    0.000000] Built 1 zonelists in Zone order, mobility grouping on.  Total pages: 129408
[    0.000000] Kernel command line: console=ttyO0,115200n8 root=/dev/mmcblk0p2 rw
[    0.000000] PID hash table entries: 2048 (order: 1, 8192 bytes)
[    0.000000] Dentry cache hash table entries: 65536 (order: 6, 262144 bytes)
[    0.000000] Inode-cache hash table entries: 32768 (order: 5, 131072 bytes)
[    0.000000] Memory: 449872K/522240K available (11379K kernel code, 917K rwdata, 3796K rodata, 744K init, 907K bss, 23216K reserved, 49152K )
[    0.000000] Virtual kernel memory layout:
[    0.000000]     vector  : 0xffff0000 - 0xffff1000   (   4 kB)
[    0.000000]     fixmap  : 0xffc00000 - 0xfff00000   (3072 kB)
[    0.000000]     vmalloc : 0xe0800000 - 0xff800000   ( 496 MB)
[    0.000000]     lowmem  : 0xc0000000 - 0xe0000000   ( 512 MB)
[    0.000000]     pkmap   : 0xbfe00000 - 0xc0000000   (   2 MB)
[    0.000000]     modules : 0xbf000000 - 0xbfe00000   (  14 MB)
[    0.000000]       .text : 0xc0008000 - 0xc0ed9e80   (15176 kB)
[    0.000000]       .init : 0xc0eda000 - 0xc0f94000   ( 744 kB)
[    0.000000]       .data : 0xc0f94000 - 0xc10795a8   ( 918 kB)
[    0.000000]        .bss : 0xc107c000 - 0xc115ed50   ( 908 kB)
[    0.000000] SLUB: HWalign=64, Order=0-3, MinObjects=0, CPUs=1, Nodes=1
[    0.000000] Hierarchical RCU implementation.
[    0.000000]  Build-time adjustment of leaf fanout to 32.
[    0.000000]  RCU restricting CPUs from NR_CPUS=2 to nr_cpu_ids=1.
[    0.000000] RCU: Adjusting geometry for rcu_fanout_leaf=32, nr_cpu_ids=1
[    0.000000] NR_IRQS:16 nr_irqs:16 16
[    0.000000] IRQ: Found an INTC at 0xfa200000 (revision 5.0) with 128 interrupts
[    0.000000] OMAP clockevent source: timer2 at 24000000 Hz
[    0.000021] sched_clock: 32 bits at 24MHz, resolution 41ns, wraps every 89478484971ns
[    0.000054] clocksource: timer1: mask: 0xffffffff max_cycles: 0xffffffff, max_idle_ns: 79635851949 ns
[    0.000074] OMAP clocksource: timer1 at 24000000 Hz
[    0.001805] clocksource_probe: no matching clocksources found
[    0.002199] Console: colour dummy device 80x30
[    0.002244] WARNING: Your 'console=ttyO0' has been replaced by 'ttyS0'
[    0.002257] This ensures that you still see kernel messages. Please
[    0.002268] update your kernel commandline.
[    0.002299] Calibrating delay loop... 546.81 BogoMIPS (lpj=1093632)
[    0.029998] pid_max: default: 32768 minimum: 301
[    0.030236] Security Framework initialized
[    0.030258] Yama: becoming mindful.
[    0.030310] AppArmor: AppArmor disabled by boot time parameter
[    0.030598] Mount-cache hash table entries: 1024 (order: 0, 4096 bytes)
[    0.030620] Mountpoint-cache hash table entries: 1024 (order: 0, 4096 bytes)
[    0.031956] Initializing cgroup subsys io
[    0.032006] Initializing cgroup subsys memory
[    0.032073] Initializing cgroup subsys devices
[    0.032102] Initializing cgroup subsys freezer
[    0.032129] Initializing cgroup subsys net_cls
[    0.032154] Initializing cgroup subsys perf_event
[    0.032180] Initializing cgroup subsys net_prio
[    0.032218] Initializing cgroup subsys pids
[    0.032307] CPU: Testing write buffer coherency: ok
[    0.032394] ftrace: allocating 34471 entries in 102 pages
[    0.201110] CPU0: thread -1, cpu 0, socket -1, mpidr 0
[    0.201282] Setting up static identity map for 0x80008280 - 0x800082e0
[    0.207684] Brought up 1 CPUs
[    0.207719] SMP: Total of 1 processors activated (546.81 BogoMIPS).
[    0.207732] CPU: All CPU(s) started in SVC mode.
[    0.210436] devtmpfs: initialized
[    0.241450] VFP support v0.3: implementor 41 architecture 3 part 30 variant c rev 3
[    0.273689] omap_hwmod: debugss: _wait_target_disable failed
[    0.331059] clocksource: jiffies: mask: 0xffffffff max_cycles: 0xffffffff, max_idle_ns: 7645041785100000 ns
[    0.331111] futex hash table entries: 256 (order: 2, 16384 bytes)
[    0.336802] xor: measuring software checksum speed
[    0.373972]    arm4regs  :   669.000 MB/sec
[    0.413973]    8regs     :   526.000 MB/sec
[    0.453968]    32regs    :   598.000 MB/sec
[    0.493967]    neon      :   957.000 MB/sec
[    0.493982] xor: using function: neon (957.000 MB/sec)
[    0.494153] pinctrl core: initialized pinctrl subsystem
[    0.497172] NET: Registered protocol family 16
[    0.501791] DMA: preallocated 256 KiB pool for atomic coherent allocations
[    0.503692] cpuidle: using governor ladder
[    0.503724] cpuidle: using governor menu
[    0.513290] OMAP GPIO hardware version 0.1
[    0.533876] No ATAGs?
[    0.533921] hw-breakpoint: debug architecture 0x4 unsupported.
[    0.534859] omap4_sram_init:Unable to allocate sram needed to handle errata I688
[    0.534884] omap4_sram_init:Unable to get sram pool needed to handle errata I688
[    0.622004] raid6: int32x1  gen()   137 MB/s
[    0.690157] raid6: int32x1  xor()   120 MB/s
[    0.758259] raid6: int32x2  gen()   178 MB/s
[    0.826093] raid6: int32x2  xor()   145 MB/s
[    0.894328] raid6: int32x4  gen()   166 MB/s
[    0.962045] raid6: int32x4  xor()   135 MB/s
[    1.030105] raid6: int32x8  gen()   162 MB/s
[    1.098206] raid6: int32x8  xor()   115 MB/s
[    1.165970] raid6: neonx1   gen()   798 MB/s
[    1.234022] raid6: neonx1   xor()   465 MB/s
[    1.302018] raid6: neonx2   gen()  1057 MB/s
[    1.369989] raid6: neonx2   xor()   656 MB/s
[    1.438017] raid6: neonx4   gen()  1070 MB/s
[    1.505979] raid6: neonx4   xor()   663 MB/s
[    1.574038] raid6: neonx8   gen()   606 MB/s
[    1.642019] raid6: neonx8   xor()   430 MB/s
[    1.642033] raid6: using algorithm neonx4 gen() 1070 MB/s
[    1.642045] raid6: .... xor() 663 MB/s, rmw enabled
[    1.642056] raid6: using intx1 recovery algorithm
[    1.658338] edma 49000000.edma: TI EDMA DMA engine driver
[    1.665938] SCSI subsystem initialized
[    1.667179] usbcore: registered new interface driver usbfs
[    1.667309] usbcore: registered new interface driver hub
[    1.667479] usbcore: registered new device driver usb
[    1.668430] omap_i2c 44e0b000.i2c: could not find pctldev for node /ocp/l4_wkup@44c00000/scm@210000/pinmux@800/pinmux_i2c0_pins, deferring e
[    1.668512] omap_i2c 4819c000.i2c: could not find pctldev for node /ocp/l4_wkup@44c00000/scm@210000/pinmux@800/pinmux_i2c2_pins, deferring e
[    1.668721] media: Linux media interface: v0.10
[    1.668826] Linux video capture interface: v2.00
[    1.669017] pps_core: LinuxPPS API ver. 1 registered
[    1.669031] pps_core: Software ver. 5.3.6 - Copyright 2005-2007 Rodolfo Giometti <giometti@linux.it>
[    1.669078] PTP clock support registered
[    1.670681] omap-mailbox 480c8000.mailbox: omap mailbox rev 0x400
[    1.672914] NetLabel: Initializing
[    1.672938] NetLabel:  domain hash size = 128
[    1.672948] NetLabel:  protocols = UNLABELED CIPSOv4
[    1.673046] NetLabel:  unlabeled traffic allowed by default
[    1.673504] clocksource: Switched to clocksource timer1
[    1.856442] NET: Registered protocol family 2
[    1.857818] TCP established hash table entries: 4096 (order: 2, 16384 bytes)
[    1.857905] TCP bind hash table entries: 4096 (order: 3, 32768 bytes)
[    1.858011] TCP: Hash tables configured (established 4096 bind 4096)
[    1.858119] UDP hash table entries: 256 (order: 1, 8192 bytes)
[    1.858156] UDP-Lite hash table entries: 256 (order: 1, 8192 bytes)
[    1.858636] NET: Registered protocol family 1
[    1.859507] RPC: Registered named UNIX socket transport module.
[    1.859529] RPC: Registered udp transport module.
[    1.859541] RPC: Registered tcp transport module.
[    1.859552] RPC: Registered tcp NFSv4.1 backchannel transport module.
[    1.860915] hw perfevents: enabled with armv7_cortex_a8 PMU driver, 5 counters available
[    1.865341] audit: initializing netlink subsys (disabled)
[    1.865709] audit: type=2000 audit(1.756:1): initialized
[    1.883745] zbud: loaded
[    1.884875] VFS: Disk quotas dquot_6.6.0
[    1.885339] VFS: Dquot-cache hash table entries: 1024 (order 0, 4096 bytes)
[    1.889995] NFS: Registering the id_resolver key type
[    1.890111] Key type id_resolver registered
[    1.890125] Key type id_legacy registered
[    1.890170] nfs4filelayout_init: NFSv4 File Layout Driver Registering...
[    1.890724] fuse init (API version 7.23)
[    1.891839] SGI XFS with ACLs, security attributes, realtime, no debug enabled
[    1.906145] Block layer SCSI generic (bsg) driver version 0.4 loaded (major 249)
[    1.906536] io scheduler noop registered
[    1.906564] io scheduler deadline registered
[    1.906668] io scheduler cfq registered (default)
[    1.908864] pinctrl-single 44e10800.pinmux: 142 pins at pa f9e10800 size 568
[    1.912478] wkup_m3_ipc 44e11324.wkup_m3_ipc: could not get rproc handle
[    1.914999] Serial: 8250/16550 driver, 6 ports, IRQ sharing disabled
[    1.920232] 44e09000.serial: ttyS0 at MMIO 0x44e09000 (irq = 158, base_baud = 3000000) is a 8250
[    2.793313] console [ttyS0] enabled
[    2.799305] [drm] Initialized drm 1.1.0 20060810
[    2.861515] davinci_mdio 4a101000.mdio: davinci mdio revision 1.6
[    2.867720] davinci_mdio 4a101000.mdio: detected phy mask fffffffe
[    2.874474] davinci_mdio: dt: updated phy_id[0] from phy_mask[fffffffe]
[    2.882810] libphy: 4a101000.mdio: probed
[    2.886988] davinci_mdio 4a101000.mdio: phy[0]: device 4a101000.mdio:00, driver SMSC LAN8710/LAN8720
[    2.897558] cpsw 4a100000.ethernet: Detected MACID = 40:06:a0:11:f5:9c
[    2.904461] cpsw 4a100000.ethernet: cpts: overflow check period 2125
[    2.914164] ehci_hcd: USB 2.0 'Enhanced' Host Controller (EHCI) Driver
[    2.920955] ehci-platform: EHCI generic platform driver
[    2.926610] ehci-omap: OMAP-EHCI Host Controller driver
[    2.932793] usbcore: registered new interface driver usb-storage
[    2.942133] 47401300.usb-phy supply vcc not found, using dummy regulator
[    2.954841] 47401b00.usb-phy supply vcc not found, using dummy regulator
[    2.964937] musb-hdrc musb-hdrc.1.auto: MUSB HDRC host driver
[    2.970896] musb-hdrc musb-hdrc.1.auto: new USB bus registered, assigned bus number 1
[    2.979271] usb usb1: New USB device found, idVendor=1d6b, idProduct=0002
[    2.986185] usb usb1: New USB device strings: Mfr=3, Product=2, SerialNumber=1
[    2.993489] usb usb1: Product: MUSB HDRC host driver
[    2.998516] usb usb1: Manufacturer: Linux 4.4.62 musb-hcd
[    3.003977] usb usb1: SerialNumber: musb-hdrc.1.auto
[    3.010608] hub 1-0:1.0: USB hub found
[    3.014643] hub 1-0:1.0: 1 port detected
[    3.034871] mousedev: PS/2 mouse device common for all mice
[    3.044729] omap_rtc 44e3e000.rtc: rtc core: registered 44e3e000.rtc as rtc0
[    3.053406] i2c /dev entries driver
[    3.059426] omap_wdt: OMAP Watchdog Timer Rev 0x01: initial timeout 60 sec
[    3.067072] cpuidle: enable-method property 'ti,am3352' found operations
[    3.075036] omap_hsmmc 48060000.mmc: Got CD GPIO
[    3.144035] hidraw: raw HID events driver (C) Jiri Kosina
[    3.150994] usbcore: registered new interface driver usbhid
[    3.156760] usbhid: USB HID core driver
[    3.160699] mmc0: host does not support reading read-only switch, assuming write-enable
[    3.169411] ashmem: initialized
[    3.174175]  remoteproc0: wkup_m3 is available
[    3.178810]  remoteproc0: Note: remoteproc is still under development and considered experimental.
[    3.187863]  remoteproc0: THE BINARY FORMAT IS NOT YET FINALIZED, and backward compatibility isn't yet guaranteed.
[    3.198503] mmc0: new high speed SDHC card at address 59b4
[    3.210620] NET: Registered protocol family 10
[    3.215969] mmcblk0: mmc0:59b4 SDU1  14.7 GiB 
[    3.223415]  mmcblk0: p1 p2
[    3.227447] mip6: Mobile IPv6
[    3.232463] NET: Registered protocol family 17
[    3.238691] Key type dns_resolver registered
[    3.245169] mpls_gso: MPLS GSO support
[    3.249319] omap_voltage_late_init: Voltage driver support not added
[    3.258248] PM: Cannot get wkup_m3_ipc handle
[    3.262935] ThumbEE CPU extension supported.
[    3.267427] Registering SWP/SWPB emulation handler
[    3.277121] registered taskstats version 1
[    3.281648] zswap: loaded using pool lzo/zbud
[    3.292740] Btrfs loaded
[    3.298454] Key type encrypted registered
[    3.307334] input: tps65217_pwr_but as /devices/platform/ocp/44e0b000.i2c/i2c-0/0-0024/input/input0
[    3.330536] mmc1: MAN_BKOPS_EN bit is not set
[    3.341403] mmc1: new high speed MMC card at address 0001
[    3.354288] tps65217 0-0024: TPS65217 ID 0xe version 1.2
[    3.359799] mmcblk1: mmc1:0001 M62704 3.56 GiB 
[    3.365670] at24 0-0050: 32768 byte 24c256 EEPROM, writable, 1 bytes/write
[    3.373319] mmcblk1boot0: mmc1:0001 M62704 partition 1 2.00 MiB
[    3.380051] omap_i2c 44e0b000.i2c: bus 0 rev0.11 at 400 kHz
[    3.386368] mmcblk1boot1: mmc1:0001 M62704 partition 2 2.00 MiB
[    3.394392]  mmcblk1: p1
[    3.399921] at24 2-0054: 32768 byte 24c256 EEPROM, writable, 1 bytes/write
[    3.411473] at24 2-0055: 32768 byte 24c256 EEPROM, writable, 1 bytes/write
[    3.419355] at24 2-0056: 32768 byte 24c256 EEPROM, writable, 1 bytes/write
[    3.427134] at24 2-0057: 32768 byte 24c256 EEPROM, writable, 1 bytes/write
[    3.434181] omap_i2c 4819c000.i2c: bus 2 rev0.11 at 100 kHz
[    3.441775]  remoteproc0: powering up wkup_m3
[    3.446289]  remoteproc0: Booting fw image am335x-pm-firmware.elf, size 217148
[    3.453933]  remoteproc0: remote processor wkup_m3 is now up
[    3.453956] wkup_m3_ipc 44e11324.wkup_m3_ipc: CM3 Firmware Version = 0x192
[    3.470560] bone_capemgr bone_capemgr: Baseboard: 'A335BNLT,00C0,3518BBBK0A12'
[    3.477980] bone_capemgr bone_capemgr: compatible-baseboard=ti,beaglebone-black - #slots=4
[    3.525505] bone_capemgr bone_capemgr: slot #0: No cape found
[    3.569486] bone_capemgr bone_capemgr: slot #1: No cape found
[    3.613484] bone_capemgr bone_capemgr: slot #2: No cape found
[    3.657484] bone_capemgr bone_capemgr: slot #3: No cape found
[    3.663464] bone_capemgr bone_capemgr: initialized OK.
[    3.671223] cpufreq: cpufreq_online: CPU0: Running at unlisted freq: 550000 KHz
[    3.678919] cpufreq: cpufreq_online: CPU0: Unlisted initial frequency changed to: 600000 KHz
[    3.690006] PM: bootloader does not support rtc-only!
[    3.696151] omap_rtc 44e3e000.rtc: setting system clock to 2000-01-01 00:00:01 UTC (946684801)
[    3.704949] of_cfs_init
[    3.707559] of_cfs_init: OK
[    3.718007] EXT4-fs (mmcblk0p2): mounting ext3 file system using the ext4 subsystem
[    3.773577] EXT4-fs (mmcblk0p2): mounted filesystem with ordered data mode. Opts: (null)
[    3.781865] VFS: Mounted root (ext3 filesystem) on device 179:2.
[    3.792450] devtmpfs: mounted
[    3.796362] Freeing unused kernel memory: 744K (c0eda000 - c0f94000)
[    4.104666] systemd[1]: systemd 196 running in system mode. (+PAM -LIBWRAP -AUDIT -SELINUX +IMA +SYSVINIT -LIBCRYPTSETUP +GCRYPT +ACL +XZ; )

Welcome to The �Ångstr�öm Distribution!

[    4.131629] systemd[1]: Set hostname to <beagleboard>.
[    4.149280] random: systemd: uninitialized urandom read (16 bytes read, 25 bits of entropy available)
[    4.158839] systemd[1]: Initializing machine ID from random generator.
[    4.176995] random: systemd: uninitialized urandom read (12 bytes read, 26 bits of entropy available)
[    4.386751] systemd[1]: Cannot add dependency job for unit display-manager.service, ignoring: Unit display-manager.service failed to load: .
[    4.409327] systemd[1]: Expecting device dev-ttyS0.device...
         Expecting device dev-ttyS0.device...
[    4.422029] systemd[1]: Expecting device dev-ttyO2.device...
         Expecting device dev-ttyO2.device...
[    4.434116] systemd[1]: Starting Forward Password Requests to Wall Directory Watch.
[    4.442511] systemd[1]: Started Forward Password Requests to Wall Directory Watch.
[    4.450323] systemd[1]: Starting Remote File Systems.

[    4.461913] systemd[1]: Reached target Remote File Systems.
[    4.467770] systemd[1]: Starting Syslog Socket.
[  OK  ] Listening on Syslog Socket.
[    4.478050] systemd[1]: Listening on Syslog Socket.
[    4.483255] systemd[1]: Starting Delayed Shutdown Socket.
[  OK  ] Listening on Delayed Shutdown Socket.
[    4.498006] systemd[1]: Listening on Delayed Shutdown Socket.
[    4.504029] systemd[1]: Starting /dev/initctl Compatibility Named Pipe.
[  OK  ] Listening on /dev/initctl Compatibility Named Pipe.
[    4.522002] systemd[1]: Listening on /dev/initctl Compatibility Named Pipe.
[    4.529547] systemd[1]: Starting Arbitrary Executable File Formats File System Automount Point.
[  OK  ] Set up automount Arbitrary Executable File Formats F...utomount Point.
[    4.554000] systemd[1]: Set up automount Arbitrary Executable File Formats File System Automount Point.
[    4.563798] systemd[1]: Starting Dispatch Password Requests to Console Directory Watch.
[    4.572291] systemd[1]: Started Dispatch Password Requests to Console Directory Watch.
[    4.580918] systemd[1]: Starting udev Kernel Socket.
[  OK  ] Listening on udev Kernel Socket.
[    4.594073] systemd[1]: Listening on udev Kernel Socket.
[    4.600134] systemd[1]: Starting udev Control Socket.
[  OK  ] Listening on udev Control Socket.
[    4.614074] systemd[1]: Listening on udev Control Socket.
[    4.619721] systemd[1]: Starting Swap.
[  OK  ] Reached target Swap.
[    4.629989] systemd[1]: Reached target Swap.
[    4.634566] systemd[1]: Starting Journal Socket.
[  OK  ] Listening on Journal Socket.
[    4.645993] systemd[1]: Listening on Journal Socket.
[    4.651268] systemd[1]: Starting Syslog.
[  OK  ] Reached target Syslog.
[    4.661993] systemd[1]: Reached target Syslog.
[    4.666791] systemd[1]: Started File System Check on Root Device.
[    4.673079] systemd[1]: Starting Remount Root and Kernel File Systems...
         Starting Remount Root and Kernel File Systems...
[    4.694147] systemd[1]: Starting udev Coldplug all Devices...
         Starting udev Coldplug all Devices...
[    4.718573] systemd[1]: Mounting Debug File System...
         Mounting Debug File System...
[    4.746276] systemd[1]: Started Machine ID first boot configure.
[    4.758100] systemd[1]: Starting udev Kernel Device Manager...
         Starting udev Kernel Device Manager...
[    4.777645] systemd[1]: Starting Journal Service...
         Starting Journal Service...
[  OK  ] Started Journal Service.
[    4.817959] systemd[1]: Started Journal Service.
[    4.831769] systemd[1]: Mounted Huge Pages File System.
[    4.859220] systemd[1]: Started Set Up Additional Binary Formats.
[    4.871878] EXT4-fs (mmcblk0p2): re-mounted. Opts: (null)
[    4.886288] systemd[1]: Started Apply Kernel Variables.
[    4.894149] systemd-udevd[97]: starting version 196
[    4.899693] systemd[1]: Mounting POSIX Message Queue File System...
         Mounting POSIX Message Queue File System...
[    4.930936] systemd[1]: Started Load Kernel Modules.
[    4.941329] systemd[1]: Mounting FUSE Control File System...
         Mounting FUSE Control File System...
[    4.957146] random: systemd-journal: uninitialized urandom read (16 bytes read, 40 bits of entropy available)
[    4.971898] systemd[1]: Mounting Configuration File System...
         Mounting Configuration File System...
[  OK  ] Started udev Kernel Device Manager.
[    5.010066] systemd[1]: Started udev Kernel Device Manager.
[  OK  ] Mounted Debug File System.
[    5.050055] systemd[1]: Mounted Debug File System.
[  OK  ] Started Remount Root and Kernel File Systems.
[    5.090019] systemd[1]: Started Remount Root and Kernel File Systems.
[  OK  ] Mounted POSIX Message Queue File System.
[    5.114002] systemd[1]: Mounted POSIX Message Queue File System.
[  OK  ] Mounted FUSE Control File System.
[    5.133915] systemd[1]: Mounted FUSE Control File System.
[  OK  ] Mounted Configuration File System.
[    5.153945] systemd[1]: Mounted Configuration File System.
[    5.166026] systemd[1]: Starting Local File Systems (Pre).
[  OK  ] Reached target Local File Systems (Pre).
[    5.185902] systemd[1]: Reached target Local File Systems (Pre).
[    5.197853] systemd[1]: Mounting /tmp...
         Mounting /tmp...
[    5.222445] systemd[1]: Starting Load Random Seed...
         Starting Load Random Seed...
[  OK  ] Mounted /tmp.
[  OK  ] Reached target Local File Systems.
         Starting Trigger Flushing of Journal to Persistent Storage...
         Starting Recreate Volatile Files and Directories...
         [    5.346112] random: systemd-random-: uninitialized urandom read (512 bytes read, 46 bits of entropy available)
Starting Run pending postinsts...
i[1;32m  OK  ] Started Load Random Seed.
 [  OK  ] Started Trigger Flushing of Journal to Persistent Storage.
[  OK  ] Started Recreate Volatile Files and Directories.
[  OK  ] Started udev Coldplug all Devices.
[    5.991817] systemd-journald[99]: Received SIGUSR1
[    6.014421] random: systemd-journal: uninitialized urandom read (16 bytes read, 53 bits of entropy available)
[  OK  ] Found device /dev/ttyS0.
[  OK  ] Started Run pending postinsts.
[  OK  ] Reached target System Initialization.
[  OK  ] Listening on Avahi mDNS/DNS-SD Stack Activation Socket.
[  OK  ] Listening on D-Bus System Message Bus Socket.
[  OK  ] Listening on dropbear.socket.
[  OK  ] Reached target Sockets.
[  OK  ] Reached target Basic System.
         Starting Connection service...
         Starting SSH Key Generation...
[  OK  ] Started SSH Key Generation.
         Starting Login Service...
         Starting D-Bus System Message Bus...
[  OK  ] Started D-Bus System Message Bus.
         Starting Permit User Sessions...
         Starting Kernel Logging Service...
[  OK  ] Started Kernel Logging Service.
         Starting System Logging Service...
[    8.479564] random: dropbearkey: uninitialized urandom read (32 bytes read, 70 bits of entropy available)
[  OK  ] Started System Logging Service.
         Starting Avahi mDNS/DNS-SD Stack...
[  OK  ] Started Permit User Sessions.
         Starting Getty on tty1...
[    8.580816] random: dbus-daemon: uninitialized urandom read (12 bytes read, 72 bits of entropy available)
[  OK  ] Started Getty on tty1.
         Starting Serial Getty on ttyS0...
[  OK  ] Starte[    8.682988] random: avahi-daemon: uninitialized urandom read (4 bytes read, 74 bits of entropy available)
[    8.780993] random: dbus-daemon: uninitialized urandom read (12 bytes read, 76 bits of entropy available)
[  OK  ] Started Connection service.
[  OK  ] Started Login Service.
[  OK  ] Started Avahi mDNS/DNS-SD Stack.
         Starting WPA supplicant...
[  OK  ] Started WPA supplicant.

.---O---.                                           
|       |                  .-.           o o        
|   |   |-----.-----.-----.| |   .----..-----.-----.
|       |     | __  |  ---'| '--.|  .-'|     |     |
|   |   |  |  |     |---  ||  --'|  |  |  '  | | | |
'---'---'--'--'--.  |-----''----''--'  '-----'-'-'-'
                -'  |
                '---'

The Angstrom Distribution beagleboard ttyS0

Angstrom v2012.12 - Kernel 4.4.62

beagleboard login: [   11.248863] net eth0: initializing cpsw version 1.12 (0)
[   11.254263] net eth0: initialized cpsw ale version 1.4
[   11.259488] net eth0: ALE Table size 1024
[   11.302615] net eth0: phy found : id is : 0x7c0f1
[   11.327273] IPv6: ADDRCONF(NETDEV_UP): eth0: link is not ready
[   15.809673] random: nonblocking pool is initialized
[ TIME ] Timed out waiting for device dev-ttyO2.device.
[DEPEND] Dependency failed for Serial Getty on ttyO2.
[  OK  ] Reached target Login Prompts.
[  OK  ] Reached target Multi-User.
[  OK  ] Reached target Graphical Interface.

